info: uninstalling toolchain 1.89.0-sbpf-solana-v1.52
info: toolchain 1.89.0-sbpf-solana-v1.52 uninstalled
   Compiling proc-macro2 v1.0.106
   Compiling quote v1.0.45
   Compiling unicode-ident v1.0.24
   Compiling version_check v0.9.5
   Compiling serde_core v1.0.228
   Compiling serde v1.0.228
   Compiling syn v1.0.109
   Compiling typenum v1.19.0
   Compiling hashbrown v0.17.0
   Compiling equivalent v1.0.2
   Compiling winnow v1.0.1
   Compiling toml_datetime v1.1.1+spec-1.1.0
   Compiling cfg-if v1.0.4
   Compiling cfg_aliases v0.2.1
   Compiling solana-define-syscall v2.3.0
   Compiling once_cell v1.21.4
   Compiling autocfg v1.5.0
   Compiling zerocopy v0.8.48
   Compiling five8_core v0.1.2
   Compiling zmij v1.0.21
   Compiling solana-atomic-u64 v2.2.1
   Compiling solana-sanitize v2.2.1
   Compiling five8 v0.2.1
   Compiling borsh v1.6.1
   Compiling serde_json v1.0.149
   Compiling five8_const v0.1.4
   Compiling itoa v1.0.18
   Compiling memchr v2.8.0
   Compiling solana-msg v2.2.1
   Compiling bs58 v0.5.1
   Compiling thiserror v1.0.69
   Compiling cpufeatures v0.2.17
   Compiling solana-program-memory v2.3.1
   Compiling thiserror v2.0.18
   Compiling keccak v0.1.6
   Compiling anyhow v1.0.102
   Compiling solana-program-option v2.2.1
   Compiling rand_core v0.6.4
   Compiling byteorder v1.5.0
   Compiling base64 v0.22.1
   Compiling unicode-segmentation v1.13.2
   Compiling feature-probe v0.1.1
   Compiling generic-array v0.14.7
   Compiling ahash v0.8.12
   Compiling log v0.4.29
   Compiling indexmap v2.14.0
   Compiling arrayref v0.3.9
   Compiling bv v0.11.1
   Compiling lazy_static v1.5.0
   Compiling find-msvc-tools v0.1.9
   Compiling shlex v1.3.0
   Compiling cmov v0.5.3
   Compiling num-traits v0.2.19
   Compiling subtle v2.6.1
   Compiling rustversion v1.0.22
   Compiling heck v0.3.3
   Compiling syn v2.0.117
   Compiling ctutils v0.4.2
   Compiling constant_time_eq v0.4.2
   Compiling arrayvec v0.7.6
   Compiling hybrid-array v0.4.10
   Compiling toml_parser v1.1.2+spec-1.1.0
   Compiling cc v1.2.60
   Compiling memoffset v0.9.1
   Compiling allocator-api2 v0.2.21
   Compiling foldhash v0.1.5
   Compiling solana-native-token v2.3.0
   Compiling solana-big-mod-exp v2.2.1
   Compiling getrandom v0.2.17
   Compiling toml_edit v0.25.11+spec-1.1.0
   Compiling block-buffer v0.12.0
   Compiling block-buffer v0.10.4
   Compiling crypto-common v0.1.7
   Compiling digest v0.10.7
   Compiling crypto-common v0.2.1
   Compiling base64 v0.21.7
   Compiling hashbrown v0.15.2
   Compiling solana-decode-error v2.3.0
   Compiling sha2 v0.10.9
   Compiling sha3 v0.10.8
   Compiling serde_bytes v0.11.19
   Compiling proc-macro-crate v3.5.0
   Compiling digest v0.11.2
   Compiling solana-security-txt v1.1.2
   Compiling blake3 v1.8.4
   Compiling borsh-derive-internal v0.10.4
   Compiling borsh-schema-derive-internal v0.10.4
   Compiling hashbrown v0.13.2
   Compiling serde_derive v1.0.228
   Compiling bytemuck_derive v1.10.2
   Compiling borsh-derive v1.6.1
   Compiling thiserror-impl v1.0.69
   Compiling thiserror-impl v2.0.18
   Compiling solana-sdk-macro v2.2.1
   Compiling num-derive v0.4.2
   Compiling zeroize_derive v1.4.3
   Compiling spl-program-error-derive v0.5.0
   Compiling num_enum_derive v0.7.6
   Compiling anchor-derive-space v0.32.1
   Compiling zeroize v1.8.2
   Compiling merlin v3.0.0
   Compiling num_enum v0.7.6
   Compiling bytemuck v1.25.0
   Compiling spl-discriminator-syn v0.2.1
   Compiling solana-curve25519 v2.3.13
   Compiling solana-secp256k1-recover v2.2.1
   Compiling solana-hash v2.3.0
   Compiling bincode v1.3.3
   Compiling solana-fee-calculator v2.2.1
   Compiling solana-short-vec v2.2.1
   Compiling solana-serde-varint v2.2.2
   Compiling toml v0.5.11
   Compiling anchor-syn v0.32.1
   Compiling anchor-lang-idl-spec v0.1.0
   Compiling solana-sha256-hasher v2.3.0
   Compiling solana-blake3-hasher v2.2.1
   Compiling solana-keccak-hasher v2.2.1
   Compiling spl-discriminator-derive v0.2.0
   Compiling anchor-lang-idl v0.1.2
   Compiling proc-macro-crate v0.1.5
   Compiling borsh-derive v0.10.4
   Compiling borsh v0.10.4
   Compiling solana-pubkey v2.4.0
   Compiling solana-borsh v2.2.1
   Compiling solana-instruction v2.3.3
   Compiling solana-sdk-ids v2.2.1
   Compiling solana-nonce v2.2.1
   Compiling solana-sysvar-id v2.2.1
   Compiling solana-clock v2.2.3
   Compiling solana-rent v2.2.1
   Compiling solana-slot-hashes v2.2.1
   Compiling solana-epoch-schedule v2.2.1
   Compiling solana-epoch-rewards v2.2.1
   Compiling solana-last-restart-slot v2.2.1
   Compiling solana-slot-history v2.2.1
   Compiling solana-program-error v2.2.2
   Compiling solana-system-interface v1.0.0
   Compiling solana-stable-layout v2.2.1
   Compiling solana-serialize-utils v2.2.1
   Compiling solana-transaction-error v2.2.1
   Compiling solana-bincode v2.2.1
   Compiling solana-loader-v2-interface v2.2.1
   Compiling spl-associated-token-account-client v2.0.0
   Compiling solana-address-lookup-table-interface v2.2.2
   Compiling solana-zk-sdk v2.3.13
   Compiling solana-account-info v2.3.0
   Compiling solana-program-pack v2.2.1
   Compiling spl-discriminator v0.4.1
   Compiling spl-program-error v0.7.0
   Compiling solana-cpi v2.2.1
   Compiling solana-program-entrypoint v2.3.0
   Compiling solana-instructions-sysvar v2.2.2
   Compiling solana-account v2.2.1
   Compiling solana-loader-v3-interface v5.0.0
   Compiling solana-message v2.4.0
   Compiling solana-loader-v4-interface v2.2.1
   Compiling solana-vote-interface v2.2.6
   Compiling solana-loader-v3-interface v3.0.0
   Compiling solana-invoke v0.4.0
   Compiling solana-stake-interface v1.2.1
   Compiling solana-feature-gate-interface v2.2.2
   Compiling spl-memo v6.0.0
   Compiling solana-sysvar v2.3.0
   Compiling spl-pod v0.5.1
   Compiling spl-token-confidential-transfer-ciphertext-arithmetic v0.3.1
   Compiling anchor-derive-accounts v0.32.1
   Compiling anchor-attribute-constant v0.32.1
   Compiling anchor-derive-serde v0.32.1
   Compiling anchor-attribute-account v0.32.1
   Compiling anchor-attribute-access-control v0.32.1
   Compiling anchor-attribute-event v0.32.1
   Compiling anchor-attribute-error v0.32.1
   Compiling anchor-attribute-program v0.32.1
   Compiling spl-type-length-value v0.8.0
   Compiling spl-token-confidential-transfer-proof-extraction v0.3.0
   Compiling spl-token-group-interface v0.6.0
   Compiling spl-token v8.0.0
   Compiling spl-tlv-account-resolution v0.10.0
   Compiling spl-token-metadata-interface v0.7.0
   Compiling spl-elgamal-registry v0.2.0
   Compiling spl-transfer-hook-interface v0.10.0
   Compiling solana-program v2.3.0
   Compiling spl-token-2022 v8.0.1
   Compiling anchor-lang v0.32.1
   Compiling spl-associated-token-account v7.0.0
   Compiling anchor-spl v0.32.1
   Compiling prediction-market v0.1.0 (C:\Users\DELL\Desktop\AETHER-LOGOS\programs\prediction-market)
warning: unexpected `cfg` condition value: `custom-heap`
  --> programs\prediction-market\src\lib.rs:74:1
   |
74 | #[program]
   | ^^^^^^^^^^
   |
   = note: expected values for `feature` are: `cpi`, `default`, `idl-build`, `no-entrypoint`, `no-idl`, and `no-log-ix-name`
   = note: using a cfg inside a macro will use the cfgs from the destination crate and not the ones from the defining crate
   = help: try referring to `$crate::custom_heap_default` crate for guidance on how handle this unexpected cfg
   = help: the macro `$crate::custom_heap_default` may come from an old version of the `solana_program_entrypoint` crate, try updating your dependency with `cargo update -p solana_program_entrypoint`
   = note: see <https://doc.rust-lang.org/nightly/rustc/check-cfg/cargo-specifics.html> for more information about checking conditional configuration
   = note: `#[warn(unexpected_cfgs)]` on by default
   = note: this warning originates in the macro `$crate::custom_heap_default` which comes from the expansion of the attribute macro `program` (in Nightly builds, run with -Z macro-backtrace for more info)

warning: unexpected `cfg` condition value: `custom-panic`
  --> programs\prediction-market\src\lib.rs:74:1
   |
74 | #[program]
   | ^^^^^^^^^^
   |
   = note: expected values for `feature` are: `cpi`, `default`, `idl-build`, `no-entrypoint`, `no-idl`, and `no-log-ix-name`
   = note: using a cfg inside a macro will use the cfgs from the destination crate and not the ones from the defining crate
   = help: try referring to `$crate::custom_panic_default` crate for guidance on how handle this unexpected cfg
   = help: the macro `$crate::custom_panic_default` may come from an old version of the `solana_program_entrypoint` crate, try updating your dependency with `cargo update -p solana_program_entrypoint`
   = note: see <https://doc.rust-lang.org/nightly/rustc/check-cfg/cargo-specifics.html> for more information about checking conditional configuration
   = note: this warning originates in the macro `$crate::custom_panic_default` which comes from the expansion of the attribute macro `program` (in Nightly builds, run with -Z macro-backtrace for more info)

warning: unexpected `cfg` condition value: `anchor-debug`
  --> programs\prediction-market\src\lib.rs:74:1
   |
74 | #[program]
   | ^^^^^^^^^^
   |
   = note: expected values for `feature` are: `cpi`, `default`, `idl-build`, `no-entrypoint`, `no-idl`, and `no-log-ix-name`
   = note: using a cfg inside a attribute macro will use the cfgs from the destination crate and not the ones from the defining crate
   = help: try referring to `program` crate for guidance on how handle this unexpected cfg
   = help: the attribute macro `program` may come from an old version of the `anchor_attribute_program` crate, try updating your dependency with `cargo update -p anchor_attribute_program`
   = note: see <https://doc.rust-lang.org/nightly/rustc/check-cfg/cargo-specifics.html> for more information about checking conditional configuration
   = note: this warning originates in the attribute macro `program` (in Nightly builds, run with -Z macro-backtrace for more info)

warning: unexpected `cfg` condition value: `anchor-debug`
  --> programs\prediction-market\src\lib.rs:74:1
   |
74 | #[program]
   | ^^^^^^^^^^
   |
   = note: expected values for `feature` are: `cpi`, `default`, `idl-build`, `no-entrypoint`, `no-idl`, and `no-log-ix-name`
   = note: using a cfg inside a derive macro will use the cfgs from the destination crate and not the ones from the defining crate
   = help: try referring to `Accounts` crate for guidance on how handle this unexpected cfg
   = help: the derive macro `Accounts` may come from an old version of the `anchor_derive_accounts` crate, try updating your dependency with `cargo update -p anchor_derive_accounts`
   = note: see <https://doc.rust-lang.org/nightly/rustc/check-cfg/cargo-specifics.html> for more information about checking conditional configuration
   = note: this warning originates in the derive macro `Accounts` (in Nightly builds, run with -Z macro-backtrace for more info)

warning: unexpected `cfg` condition value: `anchor-debug`
   --> programs\prediction-market\src\lib.rs:317:10
    |
317 | #[derive(Accounts)]
    |          ^^^^^^^^
    |
    = note: expected values for `feature` are: `cpi`, `default`, `idl-build`, `no-entrypoint`, `no-idl`, and `no-log-ix-name`
    = note: using a cfg inside a derive macro will use the cfgs from the destination crate and not the ones from the defining crate
    = help: try referring to `Accounts` crate for guidance on how handle this unexpected cfg
    = help: the derive macro `Accounts` may come from an old version of the `anchor_derive_accounts` crate, try updating your dependency with `cargo update -p anchor_derive_accounts`
    = note: see <https://doc.rust-lang.org/nightly/rustc/check-cfg/cargo-specifics.html> for more information about checking conditional configuration
    = note: this warning originates in the derive macro `Accounts` (in Nightly builds, run with -Z macro-backtrace for more info)

warning: unexpected `cfg` condition value: `anchor-debug`
   --> programs\prediction-market\src\lib.rs:365:10
    |
365 | #[derive(Accounts)]
    |          ^^^^^^^^
    |
    = note: expected values for `feature` are: `cpi`, `default`, `idl-build`, `no-entrypoint`, `no-idl`, and `no-log-ix-name`
    = note: using a cfg inside a derive macro will use the cfgs from the destination crate and not the ones from the defining crate
    = help: try referring to `Accounts` crate for guidance on how handle this unexpected cfg
    = help: the derive macro `Accounts` may come from an old version of the `anchor_derive_accounts` crate, try updating your dependency with `cargo update -p anchor_derive_accounts`
    = note: see <https://doc.rust-lang.org/nightly/rustc/check-cfg/cargo-specifics.html> for more information about checking conditional configuration
    = note: this warning originates in the derive macro `Accounts` (in Nightly builds, run with -Z macro-backtrace for more info)

warning: unexpected `cfg` condition value: `anchor-debug`
   --> programs\prediction-market\src\lib.rs:411:10
    |
411 | #[derive(Accounts)]
    |          ^^^^^^^^
    |
    = note: expected values for `feature` are: `cpi`, `default`, `idl-build`, `no-entrypoint`, `no-idl`, and `no-log-ix-name`
    = note: using a cfg inside a derive macro will use the cfgs from the destination crate and not the ones from the defining crate
    = help: try referring to `Accounts` crate for guidance on how handle this unexpected cfg
    = help: the derive macro `Accounts` may come from an old version of the `anchor_derive_accounts` crate, try updating your dependency with `cargo update -p anchor_derive_accounts`
    = note: see <https://doc.rust-lang.org/nightly/rustc/check-cfg/cargo-specifics.html> for more information about checking conditional configuration
    = note: this warning originates in the derive macro `Accounts` (in Nightly builds, run with -Z macro-backtrace for more info)

warning: unexpected `cfg` condition value: `anchor-debug`
   --> programs\prediction-market\src\lib.rs:424:10
    |
424 | #[derive(Accounts)]
    |          ^^^^^^^^
    |
    = note: expected values for `feature` are: `cpi`, `default`, `idl-build`, `no-entrypoint`, `no-idl`, and `no-log-ix-name`
    = note: using a cfg inside a derive macro will use the cfgs from the destination crate and not the ones from the defining crate
    = help: try referring to `Accounts` crate for guidance on how handle this unexpected cfg
    = help: the derive macro `Accounts` may come from an old version of the `anchor_derive_accounts` crate, try updating your dependency with `cargo update -p anchor_derive_accounts`
    = note: see <https://doc.rust-lang.org/nightly/rustc/check-cfg/cargo-specifics.html> for more information about checking conditional configuration
    = note: this warning originates in the derive macro `Accounts` (in Nightly builds, run with -Z macro-backtrace for more info)

warning: `prediction-market` (lib) generated 13 warnings (5 duplicates)
    Finished `release` profile [optimized] target(s) in 1m 05s
   Compiling proc-macro2 v1.0.106
   Compiling quote v1.0.45
   Compiling unicode-ident v1.0.24
   Compiling version_check v0.9.5
   Compiling cfg-if v1.0.4
   Compiling serde_core v1.0.228
   Compiling serde v1.0.228
   Compiling typenum v1.19.0
   Compiling equivalent v1.0.2
   Compiling cpufeatures v0.2.17
   Compiling hashbrown v0.17.0
   Compiling syn v1.0.109
   Compiling subtle v2.6.1
   Compiling zerocopy v0.8.48
   Compiling winnow v1.0.1
   Compiling toml_datetime v1.1.1+spec-1.1.0
   Compiling autocfg v1.5.0
   Compiling cfg_aliases v0.2.1
   Compiling five8_core v0.1.2
   Compiling once_cell v1.21.4
   Compiling getrandom v0.2.17
   Compiling five8 v0.2.1
   Compiling solana-sanitize v2.2.1
   Compiling semver v1.0.28
   Compiling borsh v1.6.1
   Compiling rand_core v0.6.4
   Compiling solana-atomic-u64 v2.2.1
   Compiling memchr v2.8.0
   Compiling zmij v1.0.21
   Compiling serde_json v1.0.149
   Compiling itoa v1.0.18
   Compiling five8_const v0.1.4
   Compiling bs58 v0.5.1
   Compiling solana-msg v2.2.1
   Compiling lazy_static v1.5.0
   Compiling generic-array v0.14.7
   Compiling ahash v0.8.12
   Compiling rustc_version v0.4.1
   Compiling num-traits v0.2.19
   Compiling thiserror v1.0.69
   Compiling indexmap v2.14.0
   Compiling thiserror v2.0.18
   Compiling solana-program-memory v2.3.1
   Compiling opaque-debug v0.3.1
   Compiling keccak v0.1.6
   Compiling base64 v0.22.1
   Compiling percent-encoding v2.3.2
   Compiling fnv v1.0.7
   Compiling derivation-path v0.2.0
   Compiling anyhow v1.0.102
   Compiling qstring v0.7.2
   Compiling curve25519-dalek v4.1.3
   Compiling uriparse v0.6.4
   Compiling solana-signature v2.3.0
   Compiling either v1.15.0
   Compiling byteorder v1.5.0
   Compiling toml_write v0.1.2
   Compiling toml_parser v1.1.2+spec-1.1.0
   Compiling winnow v0.7.15
   Compiling solana-program-option v2.2.1
   Compiling crunchy v0.2.4
   Compiling unicode-segmentation v1.13.2
   Compiling feature-probe v0.1.1
   Compiling itertools v0.12.1
   Compiling arrayref v0.3.9
   Compiling log v0.4.29
   Compiling getrandom v0.1.16
   Compiling find-msvc-tools v0.1.9
   Compiling bitflags v2.11.1
   Compiling bv v0.11.1
   Compiling syn v2.0.117
   Compiling toml_edit v0.25.11+spec-1.1.0
   Compiling shlex v1.3.0
   Compiling solana-decode-error v2.3.0
   Compiling heck v0.3.3
   Compiling hybrid-array v0.4.10
   Compiling cc v1.2.60
   Compiling cmov v0.5.3
   Compiling constant_time_eq v0.4.2
   Compiling cpufeatures v0.3.0
   Compiling arrayvec v0.7.6
   Compiling rustversion v1.0.22
   Compiling num-integer v0.1.46
   Compiling aho-corasick v1.1.4
   Compiling solana-derivation-path v2.2.1
   Compiling ctutils v0.4.2
   Compiling rand_core v0.5.1
   Compiling memoffset v0.9.1
   Compiling crypto-common v0.1.7
   Compiling block-buffer v0.10.4
   Compiling proc-macro-crate v3.5.0
   Compiling inout v0.1.4
   Compiling solana-seed-derivable v2.2.1
   Compiling universal-hash v0.5.1
   Compiling digest v0.10.7
   Compiling aead v0.5.2
   Compiling polyval v0.6.2
   Compiling digest v0.9.0
   Compiling block-buffer v0.12.0
   Compiling cipher v0.4.4
   Compiling crypto-common v0.2.1
   Compiling sha2 v0.10.9
   Compiling sha3 v0.10.8
   Compiling pbkdf2 v0.11.0
   Compiling hmac v0.12.1
   Compiling libsecp256k1-core v0.2.2
   Compiling aes v0.8.4
   Compiling ctr v0.9.2
   Compiling solana-seed-phrase v2.2.1
   Compiling block-buffer v0.9.0
   Compiling sha2 v0.9.9
   Compiling regex-syntax v0.8.10
   Compiling base64 v0.12.3
   Compiling allocator-api2 v0.2.21
   Compiling foldhash v0.1.5
   Compiling digest v0.11.2
   Compiling serde_bytes v0.11.19
   Compiling num-bigint v0.4.6
   Compiling hashbrown v0.15.2
   Compiling solana-native-token v2.3.0
   Compiling blake3 v1.8.4
   Compiling solana-define-syscall v2.3.0
   Compiling libsecp256k1-gen-genmult v0.2.1
   Compiling libsecp256k1-gen-ecmult v0.2.1
   Compiling base64 v0.21.7
   Compiling libsecp256k1 v0.6.0
   Compiling solana-security-txt v1.1.2
   Compiling ppv-lite86 v0.2.21
   Compiling hashbrown v0.13.2
   Compiling borsh-derive-internal v0.10.4
   Compiling borsh-schema-derive-internal v0.10.4
   Compiling rand_chacha v0.3.1
   Compiling rand_chacha v0.2.2
   Compiling solana-big-mod-exp v2.2.1
   Compiling rand v0.7.3
   Compiling rand v0.8.5
   Compiling anchor-derive-space v0.32.1
   Compiling regex-automata v0.4.14
   Compiling serde_derive v1.0.228
   Compiling bytemuck_derive v1.10.2
   Compiling borsh-derive v1.6.1
   Compiling zeroize_derive v1.4.3
   Compiling curve25519-dalek-derive v0.1.1
   Compiling thiserror-impl v1.0.69
   Compiling thiserror-impl v2.0.18
   Compiling solana-sdk-macro v2.2.1
   Compiling num-derive v0.4.2
   Compiling spl-program-error-derive v0.5.0
   Compiling num_enum_derive v0.7.6
   Compiling zeroize v1.8.2
   Compiling merlin v3.0.0
   Compiling aes-gcm-siv v0.11.1
   Compiling num_enum v0.7.6
   Compiling bytemuck v1.25.0
   Compiling spl-discriminator-syn v0.2.1
   Compiling spl-discriminator-derive v0.2.0
   Compiling regex v1.12.3
   Compiling toml v0.5.11
   Compiling solana-hash v2.3.0
   Compiling bincode v1.3.3
   Compiling serde_spanned v0.6.9
   Compiling toml_datetime v0.6.11
   Compiling solana-fee-calculator v2.2.1
   Compiling solana-short-vec v2.2.1
   Compiling anchor-lang-idl-spec v0.1.0
   Compiling solana-serde-varint v2.2.2
   Compiling solana-sha256-hasher v2.3.0
   Compiling solana-keccak-hasher v2.2.1
   Compiling solana-blake3-hasher v2.2.1
   Compiling toml_edit v0.22.27
   Compiling proc-macro-crate v0.1.5
   Compiling anchor-lang-idl v0.1.2
   Compiling borsh-derive v0.10.4
   Compiling borsh v0.10.4
   Compiling solana-curve25519 v2.3.13
   Compiling solana-pubkey v2.4.0
   Compiling solana-borsh v2.2.1
   Compiling solana-instruction v2.3.3
   Compiling solana-sdk-ids v2.2.1
   Compiling solana-nonce v2.2.1
   Compiling solana-sysvar-id v2.2.1
   Compiling solana-clock v2.2.3
   Compiling solana-slot-hashes v2.2.1
   Compiling solana-rent v2.2.1
   Compiling solana-last-restart-slot v2.2.1
   Compiling solana-epoch-schedule v2.2.1
   Compiling solana-epoch-rewards v2.2.1
   Compiling solana-slot-history v2.2.1
   Compiling solana-program-error v2.2.2
   Compiling solana-transaction-error v2.2.1
   Compiling solana-system-interface v1.0.0
   Compiling solana-serialize-utils v2.2.1
   Compiling solana-stable-layout v2.2.1
   Compiling solana-bincode v2.2.1
   Compiling solana-loader-v2-interface v2.2.1
   Compiling spl-associated-token-account-client v2.0.0
   Compiling solana-signer v2.2.1
   Compiling solana-account-info v2.3.0
   Compiling solana-program-pack v2.2.1
   Compiling solana-address-lookup-table-interface v2.2.2
   Compiling spl-discriminator v0.4.1
   Compiling spl-program-error v0.7.0
   Compiling toml v0.8.23
   Compiling solana-message v2.4.0
   Compiling solana-loader-v4-interface v2.2.1
   Compiling solana-loader-v3-interface v5.0.0
   Compiling solana-vote-interface v2.2.6
   Compiling solana-loader-v3-interface v3.0.0
   Compiling solana-program-entrypoint v2.3.0
   Compiling solana-cpi v2.2.1
   Compiling solana-instructions-sysvar v2.2.2
   Compiling solana-account v2.2.1
   Compiling solana-secp256k1-recover v2.2.1
   Compiling solana-stake-interface v1.2.1
   Compiling solana-feature-gate-interface v2.2.2
   Compiling solana-invoke v0.4.0
   Compiling spl-memo v6.0.0
   Compiling solana-zk-sdk v2.3.13
   Compiling cargo_toml v0.19.2
   Compiling solana-example-mocks v2.2.1
   Compiling solana-sysvar v2.3.0
   Compiling spl-token v8.0.0
   Compiling solana-program v2.3.0
   Compiling anchor-syn v0.32.1
   Compiling spl-pod v0.5.1
   Compiling spl-token-confidential-transfer-proof-generation v0.4.1
   Compiling spl-token-confidential-transfer-ciphertext-arithmetic v0.3.1
   Compiling spl-type-length-value v0.8.0
   Compiling spl-token-confidential-transfer-proof-extraction v0.3.0
   Compiling spl-token-group-interface v0.6.0
   Compiling spl-elgamal-registry v0.2.0
   Compiling spl-tlv-account-resolution v0.10.0
   Compiling spl-token-metadata-interface v0.7.0
   Compiling spl-transfer-hook-interface v0.10.0
   Compiling anchor-derive-accounts v0.32.1
   Compiling anchor-attribute-program v0.32.1
   Compiling anchor-attribute-constant v0.32.1
   Compiling anchor-attribute-event v0.32.1
   Compiling anchor-attribute-access-control v0.32.1
   Compiling anchor-attribute-error v0.32.1
   Compiling anchor-attribute-account v0.32.1
   Compiling anchor-derive-serde v0.32.1
   Compiling spl-token-2022 v8.0.1
   Compiling anchor-lang v0.32.1
   Compiling spl-associated-token-account v7.0.0
   Compiling anchor-spl v0.32.1
   Compiling prediction-market v0.1.0 (C:\Users\DELL\Desktop\AETHER-LOGOS\programs\prediction-market)
    Finished `test` profile [unoptimized + debuginfo] target(s) in 35.49s
     Running unittests src\lib.rs (C:\Users\DELL\Desktop\AETHER-LOGOS\target\debug\deps\prediction_market-d03a03a27f3a15fa.exe)
info: uninstalling toolchain 1.89.0-sbpf-solana-v1.52
info: toolchain 1.89.0-sbpf-solana-v1.52 uninstalled
   Compiling trade-escrow v0.1.0 (C:\Users\DELL\Desktop\AETHER-LOGOS\programs\trade-escrow)
warning: unexpected `cfg` condition value: `custom-heap`
  --> programs\trade-escrow\src\lib.rs:51:1
   |
51 | #[program]
   | ^^^^^^^^^^
   |
   = note: expected values for `feature` are: `cpi`, `default`, `idl-build`, `mock-proof`, `no-entrypoint`, `no-idl`, `no-log-ix-name`, and `zktls-verify`
   = note: using a cfg inside a macro will use the cfgs from the destination crate and not the ones from the defining crate
   = help: try referring to `$crate::custom_heap_default` crate for guidance on how handle this unexpected cfg
   = help: the macro `$crate::custom_heap_default` may come from an old version of the `solana_program_entrypoint` crate, try updating your dependency with `cargo update -p solana_program_entrypoint`
   = note: see <https://doc.rust-lang.org/nightly/rustc/check-cfg/cargo-specifics.html> for more information about checking conditional configuration
   = note: `#[warn(unexpected_cfgs)]` on by default
   = note: this warning originates in the macro `$crate::custom_heap_default` which comes from the expansion of the attribute macro `program` (in Nightly builds, run with -Z macro-backtrace for more info)

warning: unexpected `cfg` condition value: `custom-panic`
  --> programs\trade-escrow\src\lib.rs:51:1
   |
51 | #[program]
   | ^^^^^^^^^^
   |
   = note: expected values for `feature` are: `cpi`, `default`, `idl-build`, `mock-proof`, `no-entrypoint`, `no-idl`, `no-log-ix-name`, and `zktls-verify`
   = note: using a cfg inside a macro will use the cfgs from the destination crate and not the ones from the defining crate
   = help: try referring to `$crate::custom_panic_default` crate for guidance on how handle this unexpected cfg
   = help: the macro `$crate::custom_panic_default` may come from an old version of the `solana_program_entrypoint` crate, try updating your dependency with `cargo update -p solana_program_entrypoint`
   = note: see <https://doc.rust-lang.org/nightly/rustc/check-cfg/cargo-specifics.html> for more information about checking conditional configuration
   = note: this warning originates in the macro `$crate::custom_panic_default` which comes from the expansion of the attribute macro `program` (in Nightly builds, run with -Z macro-backtrace for more info)

warning: unexpected `cfg` condition value: `anchor-debug`
  --> programs\trade-escrow\src\lib.rs:51:1
   |
51 | #[program]
   | ^^^^^^^^^^
   |
   = note: expected values for `feature` are: `cpi`, `default`, `idl-build`, `mock-proof`, `no-entrypoint`, `no-idl`, `no-log-ix-name`, and `zktls-verify`
   = note: using a cfg inside a attribute macro will use the cfgs from the destination crate and not the ones from the defining crate
   = help: try referring to `program` crate for guidance on how handle this unexpected cfg
   = help: the attribute macro `program` may come from an old version of the `anchor_attribute_program` crate, try updating your dependency with `cargo update -p anchor_attribute_program`
   = note: see <https://doc.rust-lang.org/nightly/rustc/check-cfg/cargo-specifics.html> for more information about checking conditional configuration
   = note: this warning originates in the attribute macro `program` (in Nightly builds, run with -Z macro-backtrace for more info)

warning: unexpected `cfg` condition value: `anchor-debug`
  --> programs\trade-escrow\src\lib.rs:51:1
   |
51 | #[program]
   | ^^^^^^^^^^
   |
   = note: expected values for `feature` are: `cpi`, `default`, `idl-build`, `mock-proof`, `no-entrypoint`, `no-idl`, `no-log-ix-name`, and `zktls-verify`
   = note: using a cfg inside a derive macro will use the cfgs from the destination crate and not the ones from the defining crate
   = help: try referring to `Accounts` crate for guidance on how handle this unexpected cfg
   = help: the derive macro `Accounts` may come from an old version of the `anchor_derive_accounts` crate, try updating your dependency with `cargo update -p anchor_derive_accounts`
   = note: see <https://doc.rust-lang.org/nightly/rustc/check-cfg/cargo-specifics.html> for more information about checking conditional configuration
   = note: this warning originates in the derive macro `Accounts` (in Nightly builds, run with -Z macro-backtrace for more info)

warning: unexpected `cfg` condition value: `anchor-debug`
   --> programs\trade-escrow\src\lib.rs:394:10
    |
394 | #[derive(Accounts)]
    |          ^^^^^^^^
    |
    = note: expected values for `feature` are: `cpi`, `default`, `idl-build`, `mock-proof`, `no-entrypoint`, `no-idl`, `no-log-ix-name`, and `zktls-verify`
    = note: using a cfg inside a derive macro will use the cfgs from the destination crate and not the ones from the defining crate
    = help: try referring to `Accounts` crate for guidance on how handle this unexpected cfg
    = help: the derive macro `Accounts` may come from an old version of the `anchor_derive_accounts` crate, try updating your dependency with `cargo update -p anchor_derive_accounts`
    = note: see <https://doc.rust-lang.org/nightly/rustc/check-cfg/cargo-specifics.html> for more information about checking conditional configuration
    = note: this warning originates in the derive macro `Accounts` (in Nightly builds, run with -Z macro-backtrace for more info)

warning: unexpected `cfg` condition value: `anchor-debug`
   --> programs\trade-escrow\src\lib.rs:440:10
    |
440 | #[derive(Accounts)]
    |          ^^^^^^^^
    |
    = note: expected values for `feature` are: `cpi`, `default`, `idl-build`, `mock-proof`, `no-entrypoint`, `no-idl`, `no-log-ix-name`, and `zktls-verify`
    = note: using a cfg inside a derive macro will use the cfgs from the destination crate and not the ones from the defining crate
    = help: try referring to `Accounts` crate for guidance on how handle this unexpected cfg
    = help: the derive macro `Accounts` may come from an old version of the `anchor_derive_accounts` crate, try updating your dependency with `cargo update -p anchor_derive_accounts`
    = note: see <https://doc.rust-lang.org/nightly/rustc/check-cfg/cargo-specifics.html> for more information about checking conditional configuration
    = note: this warning originates in the derive macro `Accounts` (in Nightly builds, run with -Z macro-backtrace for more info)

warning: unexpected `cfg` condition value: `anchor-debug`
   --> programs\trade-escrow\src\lib.rs:452:10
    |
452 | #[derive(Accounts)]
    |          ^^^^^^^^
    |
    = note: expected values for `feature` are: `cpi`, `default`, `idl-build`, `mock-proof`, `no-entrypoint`, `no-idl`, `no-log-ix-name`, and `zktls-verify`
    = note: using a cfg inside a derive macro will use the cfgs from the destination crate and not the ones from the defining crate
    = help: try referring to `Accounts` crate for guidance on how handle this unexpected cfg
    = help: the derive macro `Accounts` may come from an old version of the `anchor_derive_accounts` crate, try updating your dependency with `cargo update -p anchor_derive_accounts`
    = note: see <https://doc.rust-lang.org/nightly/rustc/check-cfg/cargo-specifics.html> for more information about checking conditional configuration
    = note: this warning originates in the derive macro `Accounts` (in Nightly builds, run with -Z macro-backtrace for more info)

warning: unexpected `cfg` condition value: `anchor-debug`
   --> programs\trade-escrow\src\lib.rs:467:10
    |
467 | #[derive(Accounts)]
    |          ^^^^^^^^
    |
    = note: expected values for `feature` are: `cpi`, `default`, `idl-build`, `mock-proof`, `no-entrypoint`, `no-idl`, `no-log-ix-name`, and `zktls-verify`
    = note: using a cfg inside a derive macro will use the cfgs from the destination crate and not the ones from the defining crate
    = help: try referring to `Accounts` crate for guidance on how handle this unexpected cfg
    = help: the derive macro `Accounts` may come from an old version of the `anchor_derive_accounts` crate, try updating your dependency with `cargo update -p anchor_derive_accounts`
    = note: see <https://doc.rust-lang.org/nightly/rustc/check-cfg/cargo-specifics.html> for more information about checking conditional configuration
    = note: this warning originates in the derive macro `Accounts` (in Nightly builds, run with -Z macro-backtrace for more info)

warning: unexpected `cfg` condition value: `anchor-debug`
   --> programs\trade-escrow\src\lib.rs:495:10
    |
495 | #[derive(Accounts)]
    |          ^^^^^^^^
    |
    = note: expected values for `feature` are: `cpi`, `default`, `idl-build`, `mock-proof`, `no-entrypoint`, `no-idl`, `no-log-ix-name`, and `zktls-verify`
    = note: using a cfg inside a derive macro will use the cfgs from the destination crate and not the ones from the defining crate
    = help: try referring to `Accounts` crate for guidance on how handle this unexpected cfg
    = help: the derive macro `Accounts` may come from an old version of the `anchor_derive_accounts` crate, try updating your dependency with `cargo update -p anchor_derive_accounts`
    = note: see <https://doc.rust-lang.org/nightly/rustc/check-cfg/cargo-specifics.html> for more information about checking conditional configuration
    = note: this warning originates in the derive macro `Accounts` (in Nightly builds, run with -Z macro-backtrace for more info)

warning: unexpected `cfg` condition value: `anchor-debug`
   --> programs\trade-escrow\src\lib.rs:524:10
    |
524 | #[derive(Accounts)]
    |          ^^^^^^^^
    |
    = note: expected values for `feature` are: `cpi`, `default`, `idl-build`, `mock-proof`, `no-entrypoint`, `no-idl`, `no-log-ix-name`, and `zktls-verify`
    = note: using a cfg inside a derive macro will use the cfgs from the destination crate and not the ones from the defining crate
    = help: try referring to `Accounts` crate for guidance on how handle this unexpected cfg
    = help: the derive macro `Accounts` may come from an old version of the `anchor_derive_accounts` crate, try updating your dependency with `cargo update -p anchor_derive_accounts`
    = note: see <https://doc.rust-lang.org/nightly/rustc/check-cfg/cargo-specifics.html> for more information about checking conditional configuration
    = note: this warning originates in the derive macro `Accounts` (in Nightly builds, run with -Z macro-backtrace for more info)

warning: unexpected `cfg` condition value: `anchor-debug`
   --> programs\trade-escrow\src\lib.rs:536:10
    |
536 | #[derive(Accounts)]
    |          ^^^^^^^^
    |
    = note: expected values for `feature` are: `cpi`, `default`, `idl-build`, `mock-proof`, `no-entrypoint`, `no-idl`, `no-log-ix-name`, and `zktls-verify`
    = note: using a cfg inside a derive macro will use the cfgs from the destination crate and not the ones from the defining crate
    = help: try referring to `Accounts` crate for guidance on how handle this unexpected cfg
    = help: the derive macro `Accounts` may come from an old version of the `anchor_derive_accounts` crate, try updating your dependency with `cargo update -p anchor_derive_accounts`
    = note: see <https://doc.rust-lang.org/nightly/rustc/check-cfg/cargo-specifics.html> for more information about checking conditional configuration
    = note: this warning originates in the derive macro `Accounts` (in Nightly builds, run with -Z macro-backtrace for more info)

warning: `trade-escrow` (lib) generated 16 warnings (5 duplicates)
    Finished `release` profile [optimized] target(s) in 2.85s
   Compiling trade-escrow v0.1.0 (C:\Users\DELL\Desktop\AETHER-LOGOS\programs\trade-escrow)
    Finished `test` profile [unoptimized + debuginfo] target(s) in 1.80s
     Running unittests src\lib.rs (C:\Users\DELL\Desktop\AETHER-LOGOS\target\debug\deps\trade_escrow-530881cebce9a566.exe)
